---
source: src/signaldb-cli/src/tui/components/dashboard/wal_status.rs
assertion_line: 262
expression: content
---
┌ WAL Status ──────────────────────────┐│Loading...                            ││                                      ││                                      ││                                      ││                                      ││                                      │└──────────────────────────────────────┘
