---
source: src/signaldb-cli/src/tui/components/dashboard/system_resources.rs
expression: content
---
┌ System Resources ────────────────────────────────────────────────────────────┐│⠋ Loading...                                                                  ││                                                                              ││                                                                              ││                                                                              ││                                                                              ││                                                                              │└──────────────────────────────────────────────────────────────────────────────┘
