---
source: src/signaldb-cli/src/tui/components/logs/log_detail.rs
expression: content
---
┌ Log Detail ──────────────────────────────────────────────────────────────────┐│  body: "connection pool nearly exhausted"                                    ││  severity_text: "WARN"                                                       ││  timestamp: "2025-01-15 10:30:00"                                            ││                                                                              ││                                                                              ││                                                                              │└──────────────────────────────────────────────────────────────────────────────┘
