---
source: src/signaldb-cli/src/tui/components/logs/log_table.rs
expression: content
---
┌ Logs [1/4] ──────────────────────────────────────────────────────────────────┐│timestamp       severity_text   service_name   scope_name      body           ││                                                                              ││0               INFO            api            ingest          a              ││1               ERROR           api            ingest          b              ││2               WARN            worker         scheduler       c              ││3               ERROR           worker         scheduler       d              ││                                                                              ││                                                                              │└──────────────────────────────────────────────────────────────────────────────┘
