---
source: src/signaldb-cli/src/tui/components/metrics/mod.rs
expression: content
---
┌ Sparklines ──────────────────────────────────────────────────────────────────┐│cpu_usage                                                                     ││█                                                                             ││█                                                                             ││██                                                                            ││██                                                                            ││memory_mb                                                                     ││█                                                                             ││█                                                                             ││█▆                                                                            ││██                                                                            │└──────────────────────────────────────────────────────────────────────────────┘
