---
source: src/signaldb-cli/src/tui/app.rs
expression: content
---
┌SignalDB──────────────────────────────────────────────────────────────────────────────────────────┐│ [1] Dashboard | [2] Traces | [3] Logs | [4] Metrics | [5] Admin                                  │└──────────────────────────────────────────────────────────────────────────────────────────────────┘Tenant: (none) │ Dataset: (none) │ ⏱ Last 15m │ Ctrl+T: Switch : Cmd                                ┌ Service Health ────────────────────────────────┐┌ WAL Status ────────────────────────────────────┐└────────────────────────────────────────────────┘└────────────────────────────────────────────────┘┌ Connection Pool ───────────────────────────────┐┌ Tenant Overview ───────────────────────────────┐└────────────────────────────────────────────────┘└────────────────────────────────────────────────┘┌ System Resources ────────────────────────────────────────────────────────────────────────────────┐Connected http://localhost:3000                 Admin        q: Quit  r: Refresh  /: Search  ?: Help
