---
source: src/signaldb-cli/src/tui/widgets/waterfall.rs
expression: content
---
┌ Waterfall ───────────────────────────────────────────────┐│No spans to display                                       ││                                                          ││                                                          ││                                                          │└──────────────────────────────────────────────────────────┘
