---
source: src/signaldb-cli/src/tui/widgets/waterfall.rs
expression: content
---
┌ Waterfall ───────────────────────────────────────────────────────────────────────────────────────┐│GET /api/users                ██████████████████████████████████████████████████████████ 100.0ms  ││  SELECT users                     █████████████████████████████                         50.0ms   ││    ! db.query                        █████████████████                                  30.0ms   ││                                                                                                  ││                                                                                                  ││                                                                                                  ││                                                                                                  ││                                                                                                  │└──────────────────────────────────────────────────────────────────────────────────────────────────┘
